args: feat/a --check --output json
err: 
--- stdout ---
{
  "branch": "feat/a",
  "mode": "add",
  "check": true,
  "files": [
    {
      "target": ".env",
      "strategy": "main",
      "source": "main",
      "diff": {
        "mode": "add",
        "entries": [
          {
            "key": "WEB_PORT",
            "status": "resolved",
            "current_value": "3010"
          },
          {
            "key": "REALM",
            "status": "resolved",
            "current_value": "app-feat-a"
          },
          {
            "key": "SHARED",
            "status": "resolved",
            "current_value": "from-worktree"
          },
          {
            "key": "ORPHAN",
            "status": "orphan",
            "current_value": "1"
          },
          {
            "key": "NEW_KEY",
            "status": "resolved",
            "resolved_value": "1",
            "source": "main"
          }
        ]
      },
      "applied": false
    }
  ],
  "ports": {
    "offset": 10,
    "entries": [
      {
        "file": ".env",
        "key": "WEB_PORT",
        "port": "PORT",
        "base": 3000,
        "resolved": 3010,
        "moves": [
          {
            "port": "PORT",
            "job": "web",
            "base": 3000,
            "resolved": 3010
          }
        ],
        "addressing": "ports",
        "status": "unchanged",
        "current_value": "3010"
      }
    ],
    "addressing": "names",
    "public_port": 11080,
    "owned": [
      {
        "file": ".env",
        "key": "REALM",
        "value": "app-feat-a",
        "changed": false
      }
    ],
    "applied": false
  },
  "isolation": "isolated"
}
--- stderr ---
--- .env ---
WEB_PORT=3010
REALM=app-feat-a
SHARED=from-worktree
ORPHAN=1
--- isolation ---
isolated
