args: main --yes --isolation bogus
err: invalid --isolation value "bogus": use isolated or verbatim
exit: 2
--- stdout ---
Usage:
  wtm env [worktree] [flags]

Examples:
  # Pick a worktree and reconcile its .env files
  wtm env

  # Read-only drift report, for a script
  wtm env feat/login --check --output json

  # Also settle the values that diverge, and drop the keys no source has
  wtm env feat/login --mode refresh --on-conflict overwrite --prune --yes

  # Give a worktree created before 0.28 its own ports and compose project
  wtm env feat/login --isolation isolated --yes

Flags:
      --check                Read-only drift report; write nothing
      --from string          Override the value source strategy (example, main, parent)
  -h, --help                 help for env
      --isolation string     Switch the worktree to isolated (its own ports, compose project and namespaces) or verbatim (the values wtm owns back to the source's)
      --mode string          Reconciliation mode: add (fill gaps) or refresh (also settle value conflicts) (default "add")
      --on-conflict string   Conflict resolution with --mode refresh: keep (default) or overwrite
      --output string        Output format: text or json (default "text")
      --prune                Remove orphan keys (present in the .env but in no source)
  -y, --yes                  Skip all prompts; resolve every decision from flags and safe defaults (additions only)

--- stderr ---
Error: invalid --isolation value "bogus": use isolated or verbatim
