args: main --yes
err: 
exit: 0
--- stdout ---

  ✓ Settled 1 linked .env value(s).

  Worktree  main
  Mode      add

  .env   strategy: main  ·  source: main
  = in sync — nothing to reconcile

  ╭───────────────────────────────────────────────╮
  │ Env ports left alone                          │
  │ ── .env ───────────────────────────────────── │
  │ WEB_PORT  PORT  no 3000 to shift in the value │
  ╰───────────────────────────────────────────────╯

--- stderr ---
--- .env ---
WEB_PORT=9999
REALM=app-main
--- isolation ---

