args: feat/a --yes --mode refresh --on-conflict overwrite
err: 
--- stdout ---

  Worktree  feat/a
  Mode      refresh

  .env   strategy: main  ·  source: main
  + NEW_KEY  added from main
  ! SHARED   conflict — local "from-worktree" vs main "from-main"
  − ORPHAN   orphan — in no source

  ✓ Reconciled 1 file(s).

--- stderr ---
--- .env ---
WEB_PORT=3010
REALM=app-feat-a
SHARED=from-main
ORPHAN=1
NEW_KEY=1
--- isolation ---
isolated
